mode: set
surgepress/internal/argparser/argparser.go:7.55,8.62 1 1
surgepress/internal/argparser/argparser.go:8.62,10.3 1 1
surgepress/internal/argparser/argparser.go:11.2,13.41 3 1
surgepress/internal/filewriter/filewriter.go:9.41,12.2 1 1
surgepress/internal/filewriter/filewriter.go:14.50,17.16 2 1
surgepress/internal/filewriter/filewriter.go:17.16,19.3 1 1
surgepress/internal/filewriter/filewriter.go:21.2,22.16 2 1
surgepress/internal/filewriter/filewriter.go:22.16,24.3 1 1
surgepress/internal/filewriter/filewriter.go:26.2,26.12 1 1
surgepress/internal/filewalker/filewalker.go:12.66,15.60 2 1
surgepress/internal/filewalker/filewalker.go:15.60,17.3 1 1
surgepress/internal/filewalker/filewalker.go:18.2,19.16 2 1
surgepress/internal/filewalker/filewalker.go:19.16,21.3 1 1
surgepress/internal/filewalker/filewalker.go:22.2,22.23 1 1
surgepress/internal/filewalker/filewalker.go:22.23,24.3 1 1
surgepress/internal/filewalker/filewalker.go:25.2,25.98 1 1
surgepress/internal/filewalker/filewalker.go:25.98,28.17 1 1
surgepress/internal/filewalker/filewalker.go:28.17,30.4 1 1
surgepress/internal/filewalker/filewalker.go:32.3,32.17 1 1
surgepress/internal/filewalker/filewalker.go:32.17,34.4 1 1
surgepress/internal/filewalker/filewalker.go:36.3,36.38 1 1
surgepress/internal/filewalker/filewalker.go:36.38,38.4 1 1
surgepress/internal/filewalker/filewalker.go:40.3,53.13 6 1
surgepress/internal/filewalker/filewalker.go:56.2,56.16 1 1
surgepress/internal/filewalker/filewalker.go:56.16,58.3 1 1
surgepress/internal/filewalker/filewalker.go:59.2,59.19 1 1
surgepress/internal/filewalker/filewalker.go:62.34,64.2 1 1
surgepress/internal/help/help.go:5.43,6.20 1 1
surgepress/internal/help/help.go:6.20,8.3 1 1
surgepress/internal/help/help.go:9.2,18.17 1 1
surgepress/internal/pagebuilder/pagebuilder.go:21.97,29.29 3 1
surgepress/internal/pagebuilder/pagebuilder.go:29.29,31.17 2 1
surgepress/internal/pagebuilder/pagebuilder.go:31.17,33.4 1 1
surgepress/internal/pagebuilder/pagebuilder.go:35.3,38.87 4 1
surgepress/internal/pagebuilder/pagebuilder.go:38.87,40.4 1 0
surgepress/internal/pagebuilder/pagebuilder.go:42.3,48.36 3 1
surgepress/internal/pagebuilder/pagebuilder.go:48.36,50.28 1 1
surgepress/internal/pagebuilder/pagebuilder.go:50.28,51.53 1 0
surgepress/internal/pagebuilder/pagebuilder.go:51.53,53.36 2 0
surgepress/internal/pagebuilder/pagebuilder.go:53.36,55.7 1 0
surgepress/internal/pagebuilder/pagebuilder.go:56.6,56.47 1 0
surgepress/internal/pagebuilder/pagebuilder.go:61.4,61.21 1 1
surgepress/internal/pagebuilder/pagebuilder.go:65.3,70.25 6 1
surgepress/internal/pagebuilder/pagebuilder.go:70.25,73.4 1 1
surgepress/internal/pagebuilder/pagebuilder.go:74.3,77.84 3 1
surgepress/internal/pagebuilder/pagebuilder.go:77.84,79.4 1 0
surgepress/internal/pagebuilder/pagebuilder.go:80.3,84.37 2 1
surgepress/internal/pagebuilder/pagebuilder.go:86.2,86.12 1 1
surgepress/internal/pagebuilder/pagebuilder.go:89.97,98.29 3 1
surgepress/internal/pagebuilder/pagebuilder.go:98.29,100.17 2 1
surgepress/internal/pagebuilder/pagebuilder.go:100.17,102.4 1 1
surgepress/internal/pagebuilder/pagebuilder.go:104.3,106.87 3 1
surgepress/internal/pagebuilder/pagebuilder.go:106.87,108.4 1 0
surgepress/internal/pagebuilder/pagebuilder.go:110.3,112.18 3 1
surgepress/internal/pagebuilder/pagebuilder.go:112.18,114.4 1 1
surgepress/internal/pagebuilder/pagebuilder.go:115.3,115.18 1 1
surgepress/internal/pagebuilder/pagebuilder.go:115.18,117.4 1 1
surgepress/internal/pagebuilder/pagebuilder.go:118.3,119.18 2 1
surgepress/internal/pagebuilder/pagebuilder.go:119.18,121.4 1 1
surgepress/internal/pagebuilder/pagebuilder.go:122.3,122.17 1 1
surgepress/internal/pagebuilder/pagebuilder.go:122.17,124.4 1 1
surgepress/internal/pagebuilder/pagebuilder.go:125.3,130.5 1 1
surgepress/internal/pagebuilder/pagebuilder.go:133.2,146.16 7 1
surgepress/internal/pagebuilder/pagebuilder.go:146.16,148.3 1 0
surgepress/internal/pagebuilder/pagebuilder.go:149.2,149.83 1 1
surgepress/internal/pagebuilder/pagebuilder.go:149.83,151.3 1 0
surgepress/internal/pagebuilder/pagebuilder.go:153.2,157.43 2 1
surgepress/internal/pagebuilder/pagebuilder.go:161.71,162.32 1 1
surgepress/internal/pagebuilder/pagebuilder.go:162.32,164.3 1 1
surgepress/internal/pagebuilder/pagebuilder.go:165.2,165.20 1 1
surgepress/internal/pathutil/pathutil.go:8.50,9.34 1 1
surgepress/internal/pathutil/pathutil.go:9.34,11.3 1 1
surgepress/internal/pathutil/pathutil.go:13.2,13.18 1 1
surgepress/internal/pathutil/pathutil.go:16.47,18.16 2 1
surgepress/internal/pathutil/pathutil.go:18.16,20.3 1 1
surgepress/internal/pathutil/pathutil.go:21.2,21.25 1 1
surgepress/internal/pathutil/pathutil.go:24.41,26.16 2 1
surgepress/internal/pathutil/pathutil.go:26.16,28.3 1 1
surgepress/internal/pathutil/pathutil.go:29.2,29.33 1 1
surgepress/internal/pathutil/pathutil.go:29.33,32.3 1 1
surgepress/internal/pathutil/pathutil.go:33.2,33.14 1 1
surgepress/internal/rssbuilder/rssbuilder.go:60.85,63.16 3 1
surgepress/internal/rssbuilder/rssbuilder.go:63.16,65.3 1 0
surgepress/internal/rssbuilder/rssbuilder.go:66.2,67.16 2 1
surgepress/internal/rssbuilder/rssbuilder.go:67.16,69.3 1 0
surgepress/internal/rssbuilder/rssbuilder.go:70.2,70.12 1 1
surgepress/internal/rssbuilder/rssbuilder.go:73.90,76.29 2 1
surgepress/internal/rssbuilder/rssbuilder.go:76.29,89.3 3 1
surgepress/internal/rssbuilder/rssbuilder.go:91.2,101.32 2 1
surgepress/internal/rssbuilder/rssbuilder.go:101.32,104.17 2 1
surgepress/internal/rssbuilder/rssbuilder.go:104.17,106.4 1 0
surgepress/internal/rssbuilder/rssbuilder.go:108.3,110.17 3 1
surgepress/internal/rssbuilder/rssbuilder.go:110.17,112.4 1 1
surgepress/internal/rssbuilder/rssbuilder.go:112.9,114.4 1 1
surgepress/internal/rssbuilder/rssbuilder.go:116.3,123.5 1 1
surgepress/internal/rssbuilder/rssbuilder.go:126.2,126.18 1 1
surgepress/internal/rssbuilder/rssbuilder.go:128.34,129.49 1 1
surgepress/internal/rssbuilder/rssbuilder.go:129.49,131.3 1 0
surgepress/internal/rssbuilder/rssbuilder.go:132.2,132.12 1 1
surgepress/internal/rssbuilder/rssbuilder.go:135.75,137.16 2 1
surgepress/internal/rssbuilder/rssbuilder.go:137.16,139.3 1 0
surgepress/internal/rssbuilder/rssbuilder.go:141.2,143.58 2 1
surgepress/internal/rssbuilder/rssbuilder.go:143.58,145.3 1 0
surgepress/internal/rssbuilder/rssbuilder.go:147.2,150.25 3 1
surgepress/internal/rssbuilder/rssbuilder.go:150.25,156.3 1 1
surgepress/internal/rssbuilder/rssbuilder.go:158.2,170.57 2 1
surgepress/internal/rssbuilder/rssbuilder.go:170.57,172.3 1 0
surgepress/internal/rssbuilder/rssbuilder.go:174.2,174.12 1 1
